20:05:51 **** Incremental Build of configuration Debug for project Snapshot_Camera ****
make -j16 all 
arm-none-eabi-size   Snapshot_Camera.elf 
   text	   data	    bss	    dec	    hex	filename
    860	      8	   1584	   2452	    994	Snapshot_Camera.elf
Finished building: default.size.stdout
 
20:05:54 **** Incremental Build of configuration Debug for project Snapshot_Camera ****
make -j16 all 
arm-none-eabi-size   Snapshot_Camera.elf 
   text	   data	    bss	    dec	    hex	filename
    860	      8	   1584	   2452	    994	Snapshot_Camera.elf
Finished building: default.size.stdout
 
